cc_library(
    name = "expected",
    hdrs = [
        "include/tl/expected.hpp",
    ],
    includes = ["include"],
    visibility = ["//visibility:public"],
)
